# General test.  Tests implementation of accessing nodes and children

created graph X
created node n1 with cost 7
created node n2 with cost 2
X contains:
added node n1 to X
added node n2 to X
X contains: n1 n2
added edge from n1 to n2 in X

X contains: n1 n2
the children of n1 in X are: n2
the children of n2 in X are: